bash: mvn: command not found...
Packages providing this file are:
'maven'
'maven4'
